row=1: waiting for response
row=2: waiting for response
row=3: waiting for response
row=4: waiting for response
dummy: already complete 4/4
dummy: finished 6 entries stored
row=1: waiting for response
row=2: waiting for response
row=3: waiting for response
row=4: waiting for response
dummy: already complete 4/4
dummy: finished 6 entries stored
row=1: waiting for response
row=1: no response detected
dry: no additional records processed this run
dry: finished 0 entries stored
row=1: waiting for response
row=2: waiting for response
row=3: waiting for response
row=4: waiting for response
row=5: waiting for response
row=6: waiting for response
row=7: waiting for response
row=8: waiting for response
row=9: waiting for response
row=10: waiting for response
row=11: waiting for response
row=12: waiting for response
row=13: waiting for response
row=14: waiting for response
row=15: waiting for response
row=16: waiting for response
row=17: waiting for response
row=18: waiting for response
row=19: waiting for response
row=20: waiting for response
row=21: waiting for response
row=22: waiting for response
row=23: waiting for response
row=24: waiting for response
row=25: waiting for response
row=26: waiting for response
row=27: waiting for response
row=28: waiting for response
row=29: waiting for response
row=30: waiting for response
row=31: waiting for response
row=32: waiting for response
row=33: waiting for response
row=34: waiting for response
row=35: waiting for response
row=36: waiting for response
row=1: waiting for response
row=2: waiting for response
row=1: waiting for response
row=1: waiting for response
row=2: waiting for response
row=3: waiting for response
row=4: waiting for response
row=5: waiting for response
row=6: waiting for response
row=7: waiting for response
row=8: waiting for response
row=9: waiting for response
row=10: waiting for response
row=11: waiting for response
row=12: waiting for response
row=13: waiting for response
row=14: waiting for response
row=15: waiting for response
row=16: waiting for response
row=17: waiting for response
row=18: waiting for response
row=19: waiting for response
row=20: waiting for response
row=21: waiting for response
row=22: waiting for response
row=23: waiting for response
row=24: waiting for response
row=25: waiting for response
row=26: waiting for response
row=27: waiting for response
row=1: waiting for response
row=1: waiting for response
